// Jest Snapshot v1, https://goo.gl/fbAQLP

exports[`renders basic button 1`] = `
<button
  className="sc-bdVaJa fltcJn"
  pink={false}
/>
`;

exports[`renders pink button 1`] = `
<button
  className="sc-bdVaJa bgDyeQ"
  pink={true}
/>
`;
